<?xml version='1.0' encoding='utf-8'?>
<testsuites name="cocotb tests"><testsuite name="simple_led_peripheral_tests" errors="0" failures="0" skipped="0" tests="1" time="0.000" timestamp="2026-09-16T14:35:55.541544+00:00" hostname="localhost.localdomain"><testcase classname="simple_led_peripheral_tests" name="test_hello_world" time="0.000"><properties><property name="cocotb" value="True" /><property name="random_seed" value="1789569355" /><property name="file" value="/home/bt437/Documents/custom_RTL_peripheral/tests/simple_led_peripheral_tests.py" /><property name="line" value="3" /><property name="sim_time_unit" value="ns" /><property name="sim_time_start" value="0.0" /><property name="sim_time_stop" value="0.0" /><property name="sim_time_duration" value="0.0" /><property name="sim_time_ratio" value="0.0" /></properties></testcase></testsuite></testsuites>